// Jest Snapshot v1, https://goo.gl/fbAQLP

exports[`Pruebas en <GifItem/> debe hacer match con el snapshot 1`] = `
<div>
  <div
    class="card"
  >
    <img
      alt="Saitama"
      src="https://media2.giphy.com/media/VXJWhaO7afRe/giphy.gif?cid=27ddde81n6u4njvby9195crwrqupdf20lxtbhfl9u4rd5bgx&rid=giphy.gif&ct=g"
    />
    <p>
      Saitama
    </p>
  </div>
</div>
`;
